// Jest Snapshot v1, https://goo.gl/fbAQLP

exports[`should generate makefiles 1`] = `
Object {
  "data": Array [
    46,
    80,
    72,
    79,
    78,
    89,
    58,
    32,
    97,
    108,
    108,
    32,
    116,
    101,
    115,
    116,
    32,
    98,
    117,
    105,
    108,
    100,
    10,
    10,
    97,
    108,
    108,
    58,
    32,
    116,
    101,
    115,
    116,
    32,
    98,
    117,
    105,
    108,
    100,
    10,
    10,
    116,
    101,
    115,
    116,
    58,
    10,
    9,
    101,
    120,
    105,
    116,
    32,
    48,
    10,
    10,
    98,
    117,
    105,
    108,
    100,
    58,
    10,
    9,
    101,
    120,
    105,
    116,
    32,
    48,
    10,
  ],
  "type": "Buffer",
}
`;

exports[`should generate makefiles 2`] = `
Object {
  "data": Array [
    46,
    80,
    72,
    79,
    78,
    89,
    58,
    32,
    97,
    108,
    108,
    32,
    116,
    101,
    115,
    116,
    32,
    98,
    117,
    105,
    108,
    100,
    10,
    10,
    97,
    108,
    108,
    58,
    32,
    116,
    101,
    115,
    116,
    32,
    98,
    117,
    105,
    108,
    100,
    10,
    10,
    116,
    101,
    115,
    116,
    58,
    10,
    9,
    101,
    120,
    105,
    116,
    32,
    49,
    10,
    10,
    98,
    117,
    105,
    108,
    100,
    58,
    10,
    9,
    101,
    120,
    105,
    116,
    32,
    49,
    10,
  ],
  "type": "Buffer",
}
`;
